-180.403 0
-181.077 1
-182.587 2
-182.867 1
-184.042 3
-184.769 4
-185.443 5
-185.592 6
-190.805 9
-191.582 10
-193.981 12
-194.239 13
-194.318 13
-195.35 14
-196.521 15
-196.649 16
-196.858 16
-196.946 14
-197.874 17
-197.961 17
-199.516 21
-199.86 22
-200.356 24
-202.321 25
-202.374 25
-202.711 26
-202.726 26
-203.063 27
-204.092 28
-204.573 29
-206.284 31
-206.503 30
-207.714 32
-208.001 33
-208.051 33
-208.339 34
-209.237 36
-209.78 36
-210.189 37
-210.694 38
-210.872 38
-211.16 39
-211.723 39
-212.476 40
-213.291 42
-214.609 45
-214.621 44
-214.628 45
-215.783 46
-215.98 46
-216.032 47
-216.834 49
-218.217 64
-218.4 64
-218.491 64
-219.024 64
-219.355 65
-219.699 65
-219.752 66
-220.339 67
-220.641 68
-220.89 69
-221.101 69
-223.535 110
-223.784 110
-224.072 110
-224.262 111
-225.528 120
-225.831 120
-226.391 123
-229.562 124
-231.753 125
-231.896 126
-233.108 891
